Training dom/mlp on 667 pilot sites and 15 supported rules
Training dom/graphsage on 667 pilot sites and 15 supported rules
Training dom/gat on 667 pilot sites and 15 supported rules
Training a11y-tree/mlp on 667 pilot sites and 13 supported rules
Training a11y-tree/graphsage on 667 pilot sites and 13 supported rules
Training a11y-tree/gat on 667 pilot sites and 13 supported rules
Training rendered-visual/mlp on 667 pilot sites and 3 supported rules
Training rendered-visual/graphsage on 667 pilot sites and 3 supported rules
Training rendered-visual/gat on 667 pilot sites and 3 supported rules
{
  "schema_version": 1,
  "pilot": true,
  "split": "pilot_split.json",
  "results": [
    {
      "view": "dom",
      "architecture": "mlp",
      "rules": [
        "aria-allowed-attr",
        "aria-hidden-focus",
        "aria-prohibited-attr",
        "aria-required-attr",
        "aria-required-children",
        "aria-required-parent",
        "aria-roles",
        "aria-valid-attr",
        "aria-valid-attr-value",
        "document-title",
        "html-has-lang",
        "html-lang-valid",
        "list",
        "listitem",
        "nested-interactive"
      ],
      "best_epoch": 4,
      "test": {
        "node_precision": 0.031746031746031744,
        "node_recall": 0.011049723756906077,
        "node_f1": 0.01639344262295082,
        "node_accuracy": 0.9982190693153064,
        "node_tp": 2,
        "node_fp": 61,
        "node_fn": 179,
        "node_tn": 134519,
        "node_predicted_positive": 63,
        "node_actual_positive": 181,
        "rule_precision": 0.016185476815398076,
        "rule_recall": 0.20218579234972678,
        "rule_f1": 0.029971648440664238,
        "rule_accuracy": 0.9988151863917107,
        "rule_tp": 37,
        "rule_fp": 2249,
        "rule_fn": 146,
        "rule_tn": 2018983,
        "rule_predicted_positive": 2286,
        "rule_actual_positive": 183,
        "page_precision": 0.336734693877551,
        "page_recall": 1.0,
        "page_f1": 0.5038167938931297,
        "page_accuracy": 0.336734693877551,
        "page_tp": 33,
        "page_fp": 65,
        "page_fn": 0,
        "page_tn": 0,
        "page_predicted_positive": 98,
        "page_actual_positive": 33,
        "per_rule": {
          "aria-allowed-attr": {
            "precision": 0.0,
            "recall": 0.0,
            "f1": 0.0,
            "accuracy": 0.9999554767328827,
            "tp": 0,
            "fp": 0,
            "fn": 6,
            "tn": 134755,
            "predicted_positive": 0,
            "actual_positive": 6
          },
          "aria-hidden-focus": {
            "precision": 0.0,
            "recall": 0.0,
            "f1": 0.0,
            "accuracy": 0.9993098893596812,
            "tp": 0,
            "fp": 2,
            "fn": 91,
            "tn": 134668,
            "predicted_positive": 2,
            "actual_positive": 91
          },
          "aria-prohibited-attr": {
            "precision": 0.0,
            "recall": 0.0,
            "f1": 0.0,
            "accuracy": 0.9960300086820371,
            "tp": 0,
            "fp": 529,
            "fn": 6,
            "tn": 134226,
            "predicted_positive": 529,
            "actual_positive": 6
          },
          "aria-required-attr": {
            "precision": 0.0,
            "recall": 0.0,
            "f1": 0.0,
            "accuracy": 0.9999925794554805,
            "tp": 0,
            "fp": 0,
            "fn": 1,
            "tn": 134760,
            "predicted_positive": 0,
            "actual_positive": 1
          },
          "aria-required-children": {
            "precision": 0.014925373134328358,
            "recall": 0.75,
            "f1": 0.029268292682926828,
            "accuracy": 0.9985233116406081,
            "tp": 3,
            "fp": 198,
            "fn": 1,
            "tn": 134559,
            "predicted_positive": 201,
            "actual_positive": 4
          },
          "aria-required-parent": {
            "precision": 0.0047169811320754715,
            "recall": 0.2222222222222222,
            "f1": 0.009237875288683603,
            "accuracy": 0.9968165864011101,
            "tp": 2,
            "fp": 422,
            "fn": 7,
            "tn": 134330,
            "predicted_positive": 424,
            "actual_positive": 9
          },
          "aria-roles": {
            "precision": 0.0,
            "recall": 0.0,
            "f1": 0.0,
            "accuracy": 0.9999925794554805,
            "tp": 0,
            "fp": 0,
            "fn": 1,
            "tn": 134760,
            "predicted_positive": 0,
            "actual_positive": 1
          },
          "aria-valid-attr": {
            "precision": 0.0,
            "recall": 0.0,
            "f1": 0.0,
            "accuracy": 1.0,
            "tp": 0,
            "fp": 0,
            "fn": 0,
            "tn": 134761,
            "predicted_positive": 0,
            "actual_positive": 0
          },
          "aria-valid-attr-value": {
            "precision": 0.0,
            "recall": 0.0,
            "f1": 0.0,
            "accuracy": 0.9998961123767262,
            "tp": 0,
            "fp": 13,
            "fn": 1,
            "tn": 134747,
            "predicted_positive": 13,
            "actual_positive": 1
          },
          "document-title": {
            "precision": 0.0425531914893617,
            "recall": 1.0,
            "f1": 0.08163265306122448,
            "accuracy": 0.9993321509932399,
            "tp": 4,
            "fp": 90,
            "fn": 0,
            "tn": 134667,
            "predicted_positive": 94,
            "actual_positive": 4
          },
          "html-has-lang": {
            "precision": 0.11224489795918367,
            "recall": 1.0,
            "f1": 0.20183486238532108,
            "accuracy": 0.9993544126267986,
            "tp": 11,
            "fp": 87,
            "fn": 0,
            "tn": 134663,
            "predicted_positive": 98,
            "actual_positive": 11
          },
          "html-lang-valid": {
            "precision": 0.0,
            "recall": 0.0,
            "f1": 0.0,
            "accuracy": 0.9999925794554805,
            "tp": 0,
            "fp": 0,
            "fn": 1,
            "tn": 134760,
            "predicted_positive": 0,
            "actual_positive": 1
          },
          "list": {
            "precision": 0.0,
            "recall": 0.0,
            "f1": 0.0,
            "accuracy": 0.9982487514933845,
            "tp": 0,
            "fp": 230,
            "fn": 6,
            "tn": 134525,
            "predicted_positive": 230,
            "actual_positive": 6
          },
          "listitem": {
            "precision": 0.024427480916030534,
            "recall": 0.48484848484848486,
            "f1": 0.046511627906976744,
            "accuracy": 0.9951321227951707,
            "tp": 16,
            "fp": 639,
            "fn": 17,
            "tn": 134089,
            "predicted_positive": 655,
            "actual_positive": 33
          },
          "nested-interactive": {
            "precision": 0.025,
            "recall": 0.1111111111111111,
            "f1": 0.04081632653061225,
            "accuracy": 0.9996512344075809,
            "tp": 1,
            "fp": 39,
            "fn": 8,
            "tn": 134713,
            "predicted_positive": 40,
            "actual_positive": 9
          }
        },
        "rule_macro_f1_supported": 0.029235831275410355
      }
    },
    {
      "view": "dom",
      "architecture": "graphsage",
      "rules": [
        "aria-allowed-attr",
        "aria-hidden-focus",
        "aria-prohibited-attr",
        "aria-required-attr",
        "aria-required-children",
        "aria-required-parent",
        "aria-roles",
        "aria-valid-attr",
        "aria-valid-attr-value",
        "document-title",
        "html-has-lang",
        "html-lang-valid",
        "list",
        "listitem",
        "nested-interactive"
      ],
      "best_epoch": 3,
      "test": {
        "node_precision": 0.06936416184971098,
        "node_recall": 0.06629834254143646,
        "node_f1": 0.06779661016949151,
        "node_accuracy": 0.9975512203085463,
        "node_tp": 12,
        "node_fp": 161,
        "node_fn": 169,
        "node_tn": 134419,
        "node_predicted_positive": 173,
        "node_actual_positive": 181,
        "rule_precision": 0.006750536974532065,
        "rule_recall": 0.12021857923497267,
        "rule_f1": 0.012783265543288786,
        "rule_accuracy": 0.9983189993148364,
        "rule_tp": 22,
        "rule_fp": 3237,
        "rule_fn": 161,
        "rule_tn": 2017995,
        "rule_predicted_positive": 3259,
        "rule_actual_positive": 183,
        "page_precision": 0.336734693877551,
        "page_recall": 1.0,
        "page_f1": 0.5038167938931297,
        "page_accuracy": 0.336734693877551,
        "page_tp": 33,
        "page_fp": 65,
        "page_fn": 0,
        "page_tn": 0,
        "page_predicted_positive": 98,
        "page_actual_positive": 33,
        "per_rule": {
          "aria-allowed-attr": {
            "precision": 0.0,
            "recall": 0.0,
            "f1": 0.0,
            "accuracy": 0.9981300227810717,
            "tp": 0,
            "fp": 246,
            "fn": 6,
            "tn": 134509,
            "predicted_positive": 246,
            "actual_positive": 6
          },
          "aria-hidden-focus": {
            "precision": 0.0,
            "recall": 0.0,
            "f1": 0.0,
            "accuracy": 0.9992950482706421,
            "tp": 0,
            "fp": 4,
            "fn": 91,
            "tn": 134666,
            "predicted_positive": 4,
            "actual_positive": 91
          },
          "aria-prohibited-attr": {
            "precision": 0.0,
            "recall": 0.0,
            "f1": 0.0,
            "accuracy": 0.9910063000422971,
            "tp": 0,
            "fp": 1206,
            "fn": 6,
            "tn": 133549,
            "predicted_positive": 1206,
            "actual_positive": 6
          },
          "aria-required-attr": {
            "precision": 0.0,
            "recall": 0.0,
            "f1": 0.0,
            "accuracy": 0.9999925794554805,
            "tp": 0,
            "fp": 0,
            "fn": 1,
            "tn": 134760,
            "predicted_positive": 0,
            "actual_positive": 1
          },
          "aria-required-children": {
            "precision": 0.0022010271460014674,
            "recall": 0.75,
            "f1": 0.0043891733723482075,
            "accuracy": 0.9899006389088831,
            "tp": 3,
            "fp": 1360,
            "fn": 1,
            "tn": 133397,
            "predicted_positive": 1363,
            "actual_positive": 4
          },
          "aria-required-parent": {
            "precision": 0.0,
            "recall": 0.0,
            "f1": 0.0,
            "accuracy": 0.9990204881234185,
            "tp": 0,
            "fp": 123,
            "fn": 9,
            "tn": 134629,
            "predicted_positive": 123,
            "actual_positive": 9
          },
          "aria-roles": {
            "precision": 0.0,
            "recall": 0.0,
            "f1": 0.0,
            "accuracy": 0.9999925794554805,
            "tp": 0,
            "fp": 0,
            "fn": 1,
            "tn": 134760,
            "predicted_positive": 0,
            "actual_positive": 1
          },
          "aria-valid-attr": {
            "precision": 0.0,
            "recall": 0.0,
            "f1": 0.0,
            "accuracy": 1.0,
            "tp": 0,
            "fp": 0,
            "fn": 0,
            "tn": 134761,
            "predicted_positive": 0,
            "actual_positive": 0
          },
          "aria-valid-attr-value": {
            "precision": 0.0,
            "recall": 0.0,
            "f1": 0.0,
            "accuracy": 0.9999406356438435,
            "tp": 0,
            "fp": 7,
            "fn": 1,
            "tn": 134753,
            "predicted_positive": 7,
            "actual_positive": 1
          },
          "document-title": {
            "precision": 0.04081632653061224,
            "recall": 1.0,
            "f1": 0.07843137254901959,
            "accuracy": 0.9993024688151616,
            "tp": 4,
            "fp": 94,
            "fn": 0,
            "tn": 134663,
            "predicted_positive": 98,
            "actual_positive": 4
          },
          "html-has-lang": {
            "precision": 0.1134020618556701,
            "recall": 1.0,
            "f1": 0.2037037037037037,
            "accuracy": 0.9993618331713181,
            "tp": 11,
            "fp": 86,
            "fn": 0,
            "tn": 134664,
            "predicted_positive": 97,
            "actual_positive": 11
          },
          "html-lang-valid": {
            "precision": 0.0,
            "recall": 0.0,
            "f1": 0.0,
            "accuracy": 0.9995399262397875,
            "tp": 0,
            "fp": 61,
            "fn": 1,
            "tn": 134699,
            "predicted_positive": 61,
            "actual_positive": 1
          },
          "list": {
            "precision": 0.0,
            "recall": 0.0,
            "f1": 0.0,
            "accuracy": 0.999933215099324,
            "tp": 0,
            "fp": 3,
            "fn": 6,
            "tn": 134752,
            "predicted_positive": 3,
            "actual_positive": 6
          },
          "listitem": {
            "precision": 0.6,
            "recall": 0.09090909090909091,
            "f1": 0.15789473684210525,
            "accuracy": 0.9997625425753742,
            "tp": 3,
            "fp": 2,
            "fn": 30,
            "tn": 134726,
            "predicted_positive": 5,
            "actual_positive": 33
          },
          "nested-interactive": {
            "precision": 0.021739130434782608,
            "recall": 0.1111111111111111,
            "f1": 0.03636363636363637,
            "accuracy": 0.9996067111404635,
            "tp": 1,
            "fp": 45,
            "fn": 8,
            "tn": 134707,
            "predicted_positive": 46,
            "actual_positive": 9
          }
        },
        "rule_macro_f1_supported": 0.03434161591648665
      }
    },
    {
      "view": "dom",
      "architecture": "gat",
      "rules": [
        "aria-allowed-attr",
        "aria-hidden-focus",
        "aria-prohibited-attr",
        "aria-required-attr",
        "aria-required-children",
        "aria-required-parent",
        "aria-roles",
        "aria-valid-attr",
        "aria-valid-attr-value",
        "document-title",
        "html-has-lang",
        "html-lang-valid",
        "list",
        "listitem",
        "nested-interactive"
      ],
      "best_epoch": 5,
      "test": {
        "node_precision": 0.07317073170731707,
        "node_recall": 0.016574585635359115,
        "node_f1": 0.027027027027027025,
        "node_accuracy": 0.9983971623837757,
        "node_tp": 3,
        "node_fp": 38,
        "node_fn": 178,
        "node_tn": 134542,
        "node_predicted_positive": 41,
        "node_actual_positive": 181,
        "rule_precision": 0.03270042194092827,
        "rule_recall": 0.16939890710382513,
        "rule_f1": 0.054818744473916894,
        "rule_accuracy": 0.9994711625272396,
        "rule_tp": 31,
        "rule_fp": 917,
        "rule_fn": 152,
        "rule_tn": 2020315,
        "rule_predicted_positive": 948,
        "rule_actual_positive": 183,
        "page_precision": 0.336734693877551,
        "page_recall": 1.0,
        "page_f1": 0.5038167938931297,
        "page_accuracy": 0.336734693877551,
        "page_tp": 33,
        "page_fp": 65,
        "page_fn": 0,
        "page_tn": 0,
        "page_predicted_positive": 98,
        "page_actual_positive": 33,
        "per_rule": {
          "aria-allowed-attr": {
            "precision": 0.0,
            "recall": 0.0,
            "f1": 0.0,
            "accuracy": 0.9999554767328827,
            "tp": 0,
            "fp": 0,
            "fn": 6,
            "tn": 134755,
            "predicted_positive": 0,
            "actual_positive": 6
          },
          "aria-hidden-focus": {
            "precision": 0.0,
            "recall": 0.0,
            "f1": 0.0,
            "accuracy": 0.9992505250035247,
            "tp": 0,
            "fp": 10,
            "fn": 91,
            "tn": 134660,
            "predicted_positive": 10,
            "actual_positive": 91
          },
          "aria-prohibited-attr": {
            "precision": 0.0,
            "recall": 0.0,
            "f1": 0.0,
            "accuracy": 0.9999406356438435,
            "tp": 0,
            "fp": 2,
            "fn": 6,
            "tn": 134753,
            "predicted_positive": 2,
            "actual_positive": 6
          },
          "aria-required-attr": {
            "precision": 0.0,
            "recall": 0.0,
            "f1": 0.0,
            "accuracy": 0.9999925794554805,
            "tp": 0,
            "fp": 0,
            "fn": 1,
            "tn": 134760,
            "predicted_positive": 0,
            "actual_positive": 1
          },
          "aria-required-children": {
            "precision": 0.005154639175257732,
            "recall": 0.5,
            "f1": 0.010204081632653062,
            "accuracy": 0.997120828726412,
            "tp": 2,
            "fp": 386,
            "fn": 2,
            "tn": 134371,
            "predicted_positive": 388,
            "actual_positive": 4
          },
          "aria-required-parent": {
            "precision": 0.0,
            "recall": 0.0,
            "f1": 0.0,
            "accuracy": 0.9991911606473683,
            "tp": 0,
            "fp": 100,
            "fn": 9,
            "tn": 134652,
            "predicted_positive": 100,
            "actual_positive": 9
          },
          "aria-roles": {
            "precision": 0.0,
            "recall": 0.0,
            "f1": 0.0,
            "accuracy": 0.9999925794554805,
            "tp": 0,
            "fp": 0,
            "fn": 1,
            "tn": 134760,
            "predicted_positive": 0,
            "actual_positive": 1
          },
          "aria-valid-attr": {
            "precision": 0.0,
            "recall": 0.0,
            "f1": 0.0,
            "accuracy": 1.0,
            "tp": 0,
            "fp": 0,
            "fn": 0,
            "tn": 134761,
            "predicted_positive": 0,
            "actual_positive": 0
          },
          "aria-valid-attr-value": {
            "precision": 0.0,
            "recall": 0.0,
            "f1": 0.0,
            "accuracy": 0.9999035329212458,
            "tp": 0,
            "fp": 12,
            "fn": 1,
            "tn": 134748,
            "predicted_positive": 12,
            "actual_positive": 1
          },
          "document-title": {
            "precision": 0.04,
            "recall": 1.0,
            "f1": 0.07692307692307693,
            "accuracy": 0.9992876277261226,
            "tp": 4,
            "fp": 96,
            "fn": 0,
            "tn": 134661,
            "predicted_positive": 100,
            "actual_positive": 4
          },
          "html-has-lang": {
            "precision": 0.0,
            "recall": 0.0,
            "f1": 0.0,
            "accuracy": 0.9999183740102848,
            "tp": 0,
            "fp": 0,
            "fn": 11,
            "tn": 134750,
            "predicted_positive": 0,
            "actual_positive": 11
          },
          "html-lang-valid": {
            "precision": 0.0,
            "recall": 0.0,
            "f1": 0.0,
            "accuracy": 0.9999925794554805,
            "tp": 0,
            "fp": 0,
            "fn": 1,
            "tn": 134760,
            "predicted_positive": 0,
            "actual_positive": 1
          },
          "list": {
            "precision": 0.0078125,
            "recall": 0.3333333333333333,
            "f1": 0.015267175572519083,
            "accuracy": 0.9980854995139543,
            "tp": 2,
            "fp": 254,
            "fn": 4,
            "tn": 134501,
            "predicted_positive": 256,
            "actual_positive": 6
          },
          "listitem": {
            "precision": 0.5365853658536586,
            "recall": 0.6666666666666666,
            "f1": 0.5945945945945946,
            "accuracy": 0.9997773836644133,
            "tp": 22,
            "fp": 19,
            "fn": 11,
            "tn": 134709,
            "predicted_positive": 41,
            "actual_positive": 33
          },
          "nested-interactive": {
            "precision": 0.02564102564102564,
            "recall": 0.1111111111111111,
            "f1": 0.041666666666666664,
            "accuracy": 0.9996586549521004,
            "tp": 1,
            "fp": 38,
            "fn": 8,
            "tn": 134714,
            "predicted_positive": 39,
            "actual_positive": 9
          }
        },
        "rule_macro_f1_supported": 0.052761113956393595
      }
    },
    {
      "view": "a11y-tree",
      "architecture": "mlp",
      "rules": [
        "area-alt",
        "aria-command-name",
        "aria-input-field-name",
        "button-name",
        "frame-title",
        "image-alt",
        "input-button-name",
        "input-image-alt",
        "label",
        "link-name",
        "role-img-alt",
        "select-name",
        "svg-img-alt"
      ],
      "best_epoch": 2,
      "test": {
        "node_precision": 0.6733254994124559,
        "node_recall": 0.925686591276252,
        "node_f1": 0.7795918367346939,
        "node_accuracy": 0.9909994999722207,
        "node_tp": 573,
        "node_fp": 278,
        "node_fn": 46,
        "node_tn": 35101,
        "node_predicted_positive": 851,
        "node_actual_positive": 619,
        "rule_precision": 0.3314253005151689,
        "rule_recall": 0.9338709677419355,
        "rule_f1": 0.4892268694550064,
        "rule_accuracy": 0.9974165231401745,
        "rule_tp": 579,
        "rule_fp": 1168,
        "rule_fn": 41,
        "rule_tn": 466186,
        "rule_predicted_positive": 1747,
        "rule_actual_positive": 620,
        "page_precision": 0.8604651162790697,
        "page_recall": 0.7708333333333334,
        "page_f1": 0.8131868131868132,
        "page_accuracy": 0.826530612244898,
        "page_tp": 37,
        "page_fp": 6,
        "page_fn": 11,
        "page_tn": 44,
        "page_predicted_positive": 43,
        "page_actual_positive": 48,
        "per_rule": {
          "area-alt": {
            "precision": 0.0,
            "recall": 0.0,
            "f1": 0.0,
            "accuracy": 1.0,
            "tp": 0,
            "fp": 0,
            "fn": 0,
            "tn": 35998,
            "predicted_positive": 0,
            "actual_positive": 0
          },
          "aria-command-name": {
            "precision": 0.04,
            "recall": 1.0,
            "f1": 0.07692307692307693,
            "accuracy": 0.9986665925884771,
            "tp": 2,
            "fp": 48,
            "fn": 0,
            "tn": 35948,
            "predicted_positive": 50,
            "actual_positive": 2
          },
          "aria-input-field-name": {
            "precision": 0.0,
            "recall": 0.0,
            "f1": 0.0,
            "accuracy": 0.9811100616700927,
            "tp": 0,
            "fp": 680,
            "fn": 0,
            "tn": 35318,
            "predicted_positive": 680,
            "actual_positive": 0
          },
          "button-name": {
            "precision": 0.5588235294117647,
            "recall": 0.9382716049382716,
            "f1": 0.7004608294930875,
            "accuracy": 0.9981943441302294,
            "tp": 76,
            "fp": 60,
            "fn": 5,
            "tn": 35857,
            "predicted_positive": 136,
            "actual_positive": 81
          },
          "frame-title": {
            "precision": 0.0,
            "recall": 0.0,
            "f1": 0.0,
            "accuracy": 0.9999166620367799,
            "tp": 0,
            "fp": 0,
            "fn": 3,
            "tn": 35995,
            "predicted_positive": 0,
            "actual_positive": 3
          },
          "image-alt": {
            "precision": 0.6018518518518519,
            "recall": 0.935251798561151,
            "f1": 0.7323943661971831,
            "accuracy": 0.9973609644980277,
            "tp": 130,
            "fp": 86,
            "fn": 9,
            "tn": 35773,
            "predicted_positive": 216,
            "actual_positive": 139
          },
          "input-button-name": {
            "precision": 0.0,
            "recall": 0.0,
            "f1": 0.0,
            "accuracy": 0.9999722206789267,
            "tp": 0,
            "fp": 0,
            "fn": 1,
            "tn": 35997,
            "predicted_positive": 0,
            "actual_positive": 1
          },
          "input-image-alt": {
            "precision": 0.0,
            "recall": 0.0,
            "f1": 0.0,
            "accuracy": 0.9999444413578532,
            "tp": 0,
            "fp": 0,
            "fn": 2,
            "tn": 35996,
            "predicted_positive": 0,
            "actual_positive": 2
          },
          "label": {
            "precision": 0.030534351145038167,
            "recall": 0.5,
            "f1": 0.05755395683453236,
            "accuracy": 0.9963609089393856,
            "tp": 4,
            "fp": 127,
            "fn": 4,
            "tn": 35863,
            "predicted_positive": 131,
            "actual_positive": 8
          },
          "link-name": {
            "precision": 0.7510822510822511,
            "recall": 0.9747191011235955,
            "f1": 0.8484107579462102,
            "accuracy": 0.9965553641868993,
            "tp": 347,
            "fp": 115,
            "fn": 9,
            "tn": 35527,
            "predicted_positive": 462,
            "actual_positive": 356
          },
          "role-img-alt": {
            "precision": 0.0,
            "recall": 0.0,
            "f1": 0.0,
            "accuracy": 0.9989721651202844,
            "tp": 0,
            "fp": 36,
            "fn": 1,
            "tn": 35961,
            "predicted_positive": 36,
            "actual_positive": 1
          },
          "select-name": {
            "precision": 0.0,
            "recall": 0.0,
            "f1": 0.0,
            "accuracy": 0.9998333240735596,
            "tp": 0,
            "fp": 0,
            "fn": 6,
            "tn": 35992,
            "predicted_positive": 0,
            "actual_positive": 6
          },
          "svg-img-alt": {
            "precision": 0.5555555555555556,
            "recall": 0.9523809523809523,
            "f1": 0.7017543859649122,
            "accuracy": 0.9995277515417523,
            "tp": 20,
            "fp": 16,
            "fn": 1,
            "tn": 35961,
            "predicted_positive": 36,
            "actual_positive": 21
          }
        },
        "rule_macro_f1_supported": 0.28340885212354566
      }
    },
    {
      "view": "a11y-tree",
      "architecture": "graphsage",
      "rules": [
        "area-alt",
        "aria-command-name",
        "aria-input-field-name",
        "button-name",
        "frame-title",
        "image-alt",
        "input-button-name",
        "input-image-alt",
        "label",
        "link-name",
        "role-img-alt",
        "select-name",
        "svg-img-alt"
      ],
      "best_epoch": 2,
      "test": {
        "node_precision": 0.6871859296482412,
        "node_recall": 0.8836833602584814,
        "node_f1": 0.7731448763250882,
        "node_accuracy": 0.9910828379354408,
        "node_tp": 547,
        "node_fp": 249,
        "node_fn": 72,
        "node_tn": 35130,
        "node_predicted_positive": 796,
        "node_actual_positive": 619,
        "rule_precision": 0.5659978880675819,
        "rule_recall": 0.864516129032258,
        "rule_f1": 0.6841097638800255,
        "rule_accuracy": 0.9989422489283593,
        "rule_tp": 536,
        "rule_fp": 411,
        "rule_fn": 84,
        "rule_tn": 466943,
        "rule_predicted_positive": 947,
        "rule_actual_positive": 620,
        "page_precision": 0.8809523809523809,
        "page_recall": 0.7708333333333334,
        "page_f1": 0.8222222222222222,
        "page_accuracy": 0.8367346938775511,
        "page_tp": 37,
        "page_fp": 5,
        "page_fn": 11,
        "page_tn": 45,
        "page_predicted_positive": 42,
        "page_actual_positive": 48,
        "per_rule": {
          "area-alt": {
            "precision": 0.0,
            "recall": 0.0,
            "f1": 0.0,
            "accuracy": 1.0,
            "tp": 0,
            "fp": 0,
            "fn": 0,
            "tn": 35998,
            "predicted_positive": 0,
            "actual_positive": 0
          },
          "aria-command-name": {
            "precision": 0.6666666666666666,
            "recall": 1.0,
            "f1": 0.8,
            "accuracy": 0.9999722206789267,
            "tp": 2,
            "fp": 1,
            "fn": 0,
            "tn": 35995,
            "predicted_positive": 3,
            "actual_positive": 2
          },
          "aria-input-field-name": {
            "precision": 0.0,
            "recall": 0.0,
            "f1": 0.0,
            "accuracy": 1.0,
            "tp": 0,
            "fp": 0,
            "fn": 0,
            "tn": 35998,
            "predicted_positive": 0,
            "actual_positive": 0
          },
          "button-name": {
            "precision": 0.576,
            "recall": 0.8888888888888888,
            "f1": 0.699029126213592,
            "accuracy": 0.9982776820934496,
            "tp": 72,
            "fp": 53,
            "fn": 9,
            "tn": 35864,
            "predicted_positive": 125,
            "actual_positive": 81
          },
          "frame-title": {
            "precision": 0.0,
            "recall": 0.0,
            "f1": 0.0,
            "accuracy": 0.9999166620367799,
            "tp": 0,
            "fp": 0,
            "fn": 3,
            "tn": 35995,
            "predicted_positive": 0,
            "actual_positive": 3
          },
          "image-alt": {
            "precision": 0.5925925925925926,
            "recall": 0.6906474820143885,
            "f1": 0.6378737541528239,
            "accuracy": 0.9969720540030002,
            "tp": 96,
            "fp": 66,
            "fn": 43,
            "tn": 35793,
            "predicted_positive": 162,
            "actual_positive": 139
          },
          "input-button-name": {
            "precision": 0.0,
            "recall": 0.0,
            "f1": 0.0,
            "accuracy": 0.9999722206789267,
            "tp": 0,
            "fp": 0,
            "fn": 1,
            "tn": 35997,
            "predicted_positive": 0,
            "actual_positive": 1
          },
          "input-image-alt": {
            "precision": 0.0,
            "recall": 0.0,
            "f1": 0.0,
            "accuracy": 0.9999444413578532,
            "tp": 0,
            "fp": 0,
            "fn": 2,
            "tn": 35996,
            "predicted_positive": 0,
            "actual_positive": 2
          },
          "label": {
            "precision": 0.023952095808383235,
            "recall": 0.5,
            "f1": 0.04571428571428572,
            "accuracy": 0.9953608533807434,
            "tp": 4,
            "fp": 163,
            "fn": 4,
            "tn": 35827,
            "predicted_positive": 167,
            "actual_positive": 8
          },
          "link-name": {
            "precision": 0.7510822510822511,
            "recall": 0.9747191011235955,
            "f1": 0.8484107579462102,
            "accuracy": 0.9965553641868993,
            "tp": 347,
            "fp": 115,
            "fn": 9,
            "tn": 35527,
            "predicted_positive": 462,
            "actual_positive": 356
          },
          "role-img-alt": {
            "precision": 0.0,
            "recall": 0.0,
            "f1": 0.0,
            "accuracy": 0.9999722206789267,
            "tp": 0,
            "fp": 0,
            "fn": 1,
            "tn": 35997,
            "predicted_positive": 0,
            "actual_positive": 1
          },
          "select-name": {
            "precision": 0.0,
            "recall": 0.0,
            "f1": 0.0,
            "accuracy": 0.9998333240735596,
            "tp": 0,
            "fp": 0,
            "fn": 6,
            "tn": 35992,
            "predicted_positive": 0,
            "actual_positive": 6
          },
          "svg-img-alt": {
            "precision": 0.5357142857142857,
            "recall": 0.7142857142857143,
            "f1": 0.6122448979591837,
            "accuracy": 0.9994721928996055,
            "tp": 15,
            "fp": 13,
            "fn": 6,
            "tn": 35964,
            "predicted_positive": 28,
            "actual_positive": 21
          }
        },
        "rule_macro_f1_supported": 0.33120662018055413
      }
    },
    {
      "view": "a11y-tree",
      "architecture": "gat",
      "rules": [
        "area-alt",
        "aria-command-name",
        "aria-input-field-name",
        "button-name",
        "frame-title",
        "image-alt",
        "input-button-name",
        "input-image-alt",
        "label",
        "link-name",
        "role-img-alt",
        "select-name",
        "svg-img-alt"
      ],
      "best_epoch": 2,
      "test": {
        "node_precision": 0.705989110707804,
        "node_recall": 0.6284329563812601,
        "node_f1": 0.664957264957265,
        "node_accuracy": 0.9891105061392299,
        "node_tp": 389,
        "node_fp": 162,
        "node_fn": 230,
        "node_tn": 35217,
        "node_predicted_positive": 551,
        "node_actual_positive": 619,
        "rule_precision": 0.6074866310160428,
        "rule_recall": 0.9161290322580645,
        "rule_f1": 0.7305466237942123,
        "rule_accuracy": 0.999104651113096,
        "rule_tp": 568,
        "rule_fp": 367,
        "rule_fn": 52,
        "rule_tn": 466987,
        "rule_predicted_positive": 935,
        "rule_actual_positive": 620,
        "page_precision": 0.8809523809523809,
        "page_recall": 0.7708333333333334,
        "page_f1": 0.8222222222222222,
        "page_accuracy": 0.8367346938775511,
        "page_tp": 37,
        "page_fp": 5,
        "page_fn": 11,
        "page_tn": 45,
        "page_predicted_positive": 42,
        "page_actual_positive": 48,
        "per_rule": {
          "area-alt": {
            "precision": 0.0,
            "recall": 0.0,
            "f1": 0.0,
            "accuracy": 1.0,
            "tp": 0,
            "fp": 0,
            "fn": 0,
            "tn": 35998,
            "predicted_positive": 0,
            "actual_positive": 0
          },
          "aria-command-name": {
            "precision": 0.2,
            "recall": 1.0,
            "f1": 0.33333333333333337,
            "accuracy": 0.9997777654314128,
            "tp": 2,
            "fp": 8,
            "fn": 0,
            "tn": 35988,
            "predicted_positive": 10,
            "actual_positive": 2
          },
          "aria-input-field-name": {
            "precision": 0.0,
            "recall": 0.0,
            "f1": 0.0,
            "accuracy": 1.0,
            "tp": 0,
            "fp": 0,
            "fn": 0,
            "tn": 35998,
            "predicted_positive": 0,
            "actual_positive": 0
          },
          "button-name": {
            "precision": 0.553030303030303,
            "recall": 0.9012345679012346,
            "f1": 0.6854460093896714,
            "accuracy": 0.9981387854880827,
            "tp": 73,
            "fp": 59,
            "fn": 8,
            "tn": 35858,
            "predicted_positive": 132,
            "actual_positive": 81
          },
          "frame-title": {
            "precision": 0.0,
            "recall": 0.0,
            "f1": 0.0,
            "accuracy": 0.9999166620367799,
            "tp": 0,
            "fp": 0,
            "fn": 3,
            "tn": 35995,
            "predicted_positive": 0,
            "actual_positive": 3
          },
          "image-alt": {
            "precision": 0.6009615384615384,
            "recall": 0.8992805755395683,
            "f1": 0.7204610951008644,
            "accuracy": 0.9973054058558809,
            "tp": 125,
            "fp": 83,
            "fn": 14,
            "tn": 35776,
            "predicted_positive": 208,
            "actual_positive": 139
          },
          "input-button-name": {
            "precision": 0.0,
            "recall": 0.0,
            "f1": 0.0,
            "accuracy": 0.9999722206789267,
            "tp": 0,
            "fp": 0,
            "fn": 1,
            "tn": 35997,
            "predicted_positive": 0,
            "actual_positive": 1
          },
          "input-image-alt": {
            "precision": 0.0,
            "recall": 0.0,
            "f1": 0.0,
            "accuracy": 0.9999444413578532,
            "tp": 0,
            "fp": 0,
            "fn": 2,
            "tn": 35996,
            "predicted_positive": 0,
            "actual_positive": 2
          },
          "label": {
            "precision": 0.011494252873563218,
            "recall": 0.125,
            "f1": 0.02105263157894737,
            "accuracy": 0.9974165231401745,
            "tp": 1,
            "fp": 86,
            "fn": 7,
            "tn": 35904,
            "predicted_positive": 87,
            "actual_positive": 8
          },
          "link-name": {
            "precision": 0.7510822510822511,
            "recall": 0.9747191011235955,
            "f1": 0.8484107579462102,
            "accuracy": 0.9965553641868993,
            "tp": 347,
            "fp": 115,
            "fn": 9,
            "tn": 35527,
            "predicted_positive": 462,
            "actual_positive": 356
          },
          "role-img-alt": {
            "precision": 0.0,
            "recall": 0.0,
            "f1": 0.0,
            "accuracy": 0.9999722206789267,
            "tp": 0,
            "fp": 0,
            "fn": 1,
            "tn": 35997,
            "predicted_positive": 0,
            "actual_positive": 1
          },
          "select-name": {
            "precision": 0.0,
            "recall": 0.0,
            "f1": 0.0,
            "accuracy": 0.9998333240735596,
            "tp": 0,
            "fp": 0,
            "fn": 6,
            "tn": 35992,
            "predicted_positive": 0,
            "actual_positive": 6
          },
          "svg-img-alt": {
            "precision": 0.5555555555555556,
            "recall": 0.9523809523809523,
            "f1": 0.7017543859649122,
            "accuracy": 0.9995277515417523,
            "tp": 20,
            "fp": 16,
            "fn": 1,
            "tn": 35961,
            "predicted_positive": 36,
            "actual_positive": 21
          }
        },
        "rule_macro_f1_supported": 0.30095074666490357
      }
    },
    {
      "view": "rendered-visual",
      "architecture": "mlp",
      "rules": [
        "color-contrast",
        "link-in-text-block",
        "scrollable-region-focusable"
      ],
      "best_epoch": 5,
      "test": {
        "node_precision": 0.2,
        "node_recall": 0.028526148969889066,
        "node_f1": 0.049930651872399444,
        "node_accuracy": 0.9916174113097642,
        "node_tp": 18,
        "node_fp": 72,
        "node_fn": 613,
        "node_tn": 81014,
        "node_predicted_positive": 90,
        "node_actual_positive": 631,
        "rule_precision": 0.06825938566552901,
        "rule_recall": 0.031545741324921134,
        "rule_f1": 0.04314994606256742,
        "rule_accuracy": 0.996381821815942,
        "rule_tp": 20,
        "rule_fp": 273,
        "rule_fn": 614,
        "rule_tn": 244244,
        "rule_predicted_positive": 293,
        "rule_actual_positive": 634,
        "page_precision": 0.5128205128205128,
        "page_recall": 0.9523809523809523,
        "page_f1": 0.6666666666666666,
        "page_accuracy": 0.5918367346938775,
        "page_tp": 40,
        "page_fp": 38,
        "page_fn": 2,
        "page_tn": 18,
        "page_predicted_positive": 78,
        "page_actual_positive": 42,
        "per_rule": {
          "color-contrast": {
            "precision": 0.2,
            "recall": 0.028985507246376812,
            "f1": 0.05063291139240506,
            "accuracy": 0.9917397848672859,
            "tp": 18,
            "fp": 72,
            "fn": 603,
            "tn": 81024,
            "predicted_positive": 90,
            "actual_positive": 621
          },
          "link-in-text-block": {
            "precision": 0.009852216748768473,
            "recall": 0.2,
            "f1": 0.0187793427230047,
            "accuracy": 0.9974423926477967,
            "tp": 2,
            "fp": 201,
            "fn": 8,
            "tn": 81506,
            "predicted_positive": 203,
            "actual_positive": 10
          },
          "scrollable-region-focusable": {
            "precision": 0.0,
            "recall": 0.0,
            "f1": 0.0,
            "accuracy": 0.9999632879327435,
            "tp": 0,
            "fp": 0,
            "fn": 3,
            "tn": 81714,
            "predicted_positive": 0,
            "actual_positive": 3
          }
        },
        "rule_macro_f1_supported": 0.023137418038469918
      }
    },
    {
      "view": "rendered-visual",
      "architecture": "graphsage",
      "rules": [
        "color-contrast",
        "link-in-text-block",
        "scrollable-region-focusable"
      ],
      "best_epoch": 5,
      "test": {
        "node_precision": 0.08134695421869088,
        "node_recall": 0.34072900158478603,
        "node_f1": 0.13133781307269396,
        "node_accuracy": 0.9651969602408311,
        "node_tp": 215,
        "node_fp": 2428,
        "node_fn": 416,
        "node_tn": 78658,
        "node_predicted_positive": 2643,
        "node_actual_positive": 631,
        "rule_precision": 0.0798650168728909,
        "rule_recall": 0.3359621451104101,
        "rule_f1": 0.12905180248409576,
        "rule_accuracy": 0.9882725340708379,
        "rule_tp": 213,
        "rule_fp": 2454,
        "rule_fn": 421,
        "rule_tn": 242063,
        "rule_predicted_positive": 2667,
        "rule_actual_positive": 634,
        "page_precision": 0.5342465753424658,
        "page_recall": 0.9285714285714286,
        "page_f1": 0.6782608695652174,
        "page_accuracy": 0.6224489795918368,
        "page_tp": 39,
        "page_fp": 34,
        "page_fn": 3,
        "page_tn": 22,
        "page_predicted_positive": 73,
        "page_actual_positive": 42,
        "per_rule": {
          "color-contrast": {
            "precision": 0.08059023836549375,
            "recall": 0.34299516908212563,
            "f1": 0.13051470588235292,
            "accuracy": 0.9652703843753442,
            "tp": 213,
            "fp": 2430,
            "fn": 408,
            "tn": 78666,
            "predicted_positive": 2643,
            "actual_positive": 621
          },
          "link-in-text-block": {
            "precision": 0.0,
            "recall": 0.0,
            "f1": 0.0,
            "accuracy": 0.9995839299044262,
            "tp": 0,
            "fp": 24,
            "fn": 10,
            "tn": 81683,
            "predicted_positive": 24,
            "actual_positive": 10
          },
          "scrollable-region-focusable": {
            "precision": 0.0,
            "recall": 0.0,
            "f1": 0.0,
            "accuracy": 0.9999632879327435,
            "tp": 0,
            "fp": 0,
            "fn": 3,
            "tn": 81714,
            "predicted_positive": 0,
            "actual_positive": 3
          }
        },
        "rule_macro_f1_supported": 0.043504901960784305
      }
    },
    {
      "view": "rendered-visual",
      "architecture": "gat",
      "rules": [
        "color-contrast",
        "link-in-text-block",
        "scrollable-region-focusable"
      ],
      "best_epoch": 5,
      "test": {
        "node_precision": 0.06670181914052202,
        "node_recall": 0.4009508716323296,
        "node_f1": 0.11437613019891502,
        "node_accuracy": 0.9520540401630015,
        "node_tp": 253,
        "node_fp": 3540,
        "node_fn": 378,
        "node_tn": 77546,
        "node_predicted_positive": 3793,
        "node_actual_positive": 631,
        "rule_precision": 0.07428777497295348,
        "rule_recall": 0.3249211356466877,
        "rule_f1": 0.12092750220135016,
        "rule_accuracy": 0.9877830398407512,
        "rule_tp": 206,
        "rule_fp": 2567,
        "rule_fn": 428,
        "rule_tn": 241950,
        "rule_predicted_positive": 2773,
        "rule_actual_positive": 634,
        "page_precision": 0.5324675324675324,
        "page_recall": 0.9761904761904762,
        "page_f1": 0.6890756302521007,
        "page_accuracy": 0.6224489795918368,
        "page_tp": 41,
        "page_fp": 36,
        "page_fn": 1,
        "page_tn": 20,
        "page_predicted_positive": 77,
        "page_actual_positive": 42,
        "per_rule": {
          "color-contrast": {
            "precision": 0.07820363917924894,
            "recall": 0.3252818035426731,
            "f1": 0.12609238451935081,
            "accuracy": 0.9657354038939266,
            "tp": 202,
            "fp": 2381,
            "fn": 419,
            "tn": 78715,
            "predicted_positive": 2583,
            "actual_positive": 621
          },
          "link-in-text-block": {
            "precision": 0.021052631578947368,
            "recall": 0.4,
            "f1": 0.039999999999999994,
            "accuracy": 0.9976504276955835,
            "tp": 4,
            "fp": 186,
            "fn": 6,
            "tn": 81521,
            "predicted_positive": 190,
            "actual_positive": 10
          },
          "scrollable-region-focusable": {
            "precision": 0.0,
            "recall": 0.0,
            "f1": 0.0,
            "accuracy": 0.9999632879327435,
            "tp": 0,
            "fp": 0,
            "fn": 3,
            "tn": 81714,
            "predicted_positive": 0,
            "actual_positive": 3
          }
        },
        "rule_macro_f1_supported": 0.05536412817311694
      }
    }
  ]
}
